[2026-09-27T01:14:10.393Z][INFO] Command-line: 'C:\\Program Files\\Unity\\Hub\\Editor\\6000.5.9f1\\Editor\\Data\\Resources\\PackageManager\\Server\\UnityPackageManager.exe' server -s 8604 --ipc-path Unity-Upm-8604 -l 2 --log-file C:\\Users\\aslan\\Desktop\\dino_aslan/Logs/upm.log
[2026-09-27T01:14:10.438Z][INFO] IPC server started (IPC path=Unity-Upm-8604).
[2026-09-27T01:14:10.438Z][INFO] Hint: To connect to this UPM instance, launch Unity with the command-line parameter -upmIpcPath Upm-8604.
[2026-09-27T01:14:14.593Z][INFO] project:list-packages <-- Request received
params: {}
[2026-09-27T01:14:14.695Z][INFO] project:list-packages <-- Request received
params: {}
[2026-09-27T01:14:14.709Z][INFO] config:project:get-registries <-- Request received
params: {}
[2026-09-27T01:14:14.716Z][INFO] config:project:get-registries --> 200 (7 ms)
[2026-09-27T01:14:14.905Z][INFO] project:resolve-packages <-- Request received
params: {}
[2026-09-27T01:14:14.912Z][INFO] project:list-packages --> 200 (217 ms)
[2026-09-27T01:14:14.915Z][INFO] project:list-packages --> 200 (322 ms)
[2026-09-27T01:14:15.717Z][INFO] Downloading package [com.unity.ide.rider@3.0.39] from registry 'https://packages.unity.com'
[2026-09-27T01:14:16.065Z][INFO] Finished downloading package [com.unity.ide.rider@3.0.39] from registry 'https://packages.unity.com' (size: 165 kB, time: 347ms)
[2026-09-27T01:15:32.601Z][WARN] Requested version [4.9.3] for package [com.unity.searcher] overridden by minimum version [4.9.5].
[2026-09-27T01:15:32.601Z][WARN] Requested version [1.8.14] for package [com.unity.burst] overridden by minimum version [1.8.30].
[2026-09-27T01:15:32.601Z][WARN] Requested version [3.2.0] for package [com.unity.test-framework.performance] overridden by minimum version [3.5.0].
[2026-09-27T01:15:32.604Z][INFO] project:resolve-packages --> 200 (77700 ms)
[2026-09-27T01:17:31.045Z][INFO] project:list-packages <-- Request received
params: {}
[2026-09-27T01:17:31.069Z][INFO] project:list-packages <-- Request received
params: {}
[2026-09-27T01:17:33.863Z][INFO] project:list-packages --> 200 (2794 ms)
[2026-09-27T01:17:33.865Z][INFO] project:list-packages --> 200 (2820 ms)
[2026-09-27T01:17:37.219Z][INFO] project:list-packages <-- Request received
params: {}
[2026-09-27T01:17:37.338Z][INFO] project:list-packages --> 200 (119 ms)
[2026-09-27T01:17:39.155Z][INFO] config:project:get-registries <-- Request received
params: {}
[2026-09-27T01:17:39.158Z][INFO] config:project:get-registries --> 200 (3 ms)
[2026-09-27T01:19:15.815Z][INFO] project:list-packages <-- Request received
params: {}
[2026-09-27T01:19:16.324Z][INFO] project:list-packages --> 200 (509 ms)
[2026-09-27T01:19:18.603Z][INFO] project:list-packages <-- Request received
params: {}
[2026-09-27T01:19:18.901Z][INFO] project:list-packages --> 200 (298 ms)
[2026-09-27T01:19:43.188Z][INFO] project:list-packages <-- Request received
params: {}
[2026-09-27T01:19:44.401Z][INFO] project:list-packages --> 200 (1214 ms)
[2026-09-27T01:20:41.528Z][INFO] project:list-packages <-- Request received
params: {}
[2026-09-27T01:20:41.745Z][INFO] project:list-packages --> 200 (218 ms)
[2026-09-27T01:20:41.964Z][INFO] project:list-packages <-- Request received
params: {}
[2026-09-27T01:20:42.117Z][INFO] project:list-packages --> 200 (153 ms)
[2026-09-27T01:20:42.152Z][INFO] config:project:get-registries <-- Request received
params: {}
[2026-09-27T01:20:42.156Z][INFO] config:project:get-registries --> 200 (3 ms)
[2026-09-27T01:21:20.051Z][INFO] project:list-packages <-- Request received
params: {}
[2026-09-27T01:21:21.669Z][INFO] project:list-packages <-- Request received
params: {}
[2026-09-27T01:21:21.800Z][INFO] config:project:get-registries <-- Request received
params: {}
[2026-09-27T01:21:22.211Z][INFO] config:project:get-registries --> 200 (411 ms)
[2026-09-27T01:21:24.693Z][INFO] project:list-packages --> 200 (3024 ms)
[2026-09-27T01:21:24.694Z][INFO] project:list-packages --> 200 (4643 ms)
[2026-09-27T01:25:15.317Z][INFO] project:list-packages <-- Request received
params: {}
[2026-09-27T01:25:15.335Z][INFO] packages:get-all-packageinfo <-- Request received
params: {}
[2026-09-27T01:25:15.342Z][INFO] packages:get-all-packageinfo <-- Request received
params: {}
[2026-09-27T01:25:15.352Z][INFO] project:list-packages <-- Request received
params: {}
[2026-09-27T01:25:17.205Z][INFO] packages:get-all-packageinfo --> 200 (1863 ms)
[2026-09-27T01:25:18.065Z][INFO] packages:get-all-packageinfo --> 200 (2730 ms)
[2026-09-27T01:25:18.291Z][INFO] project:list-packages --> 200 (2974 ms)
[2026-09-27T01:25:18.292Z][INFO] project:list-packages --> 200 (2940 ms)
[2026-09-27T01:25:19.142Z][INFO] project:list-packages <-- Request received
params: {}
[2026-09-27T01:25:19.159Z][INFO] packages:get-all-packageinfo <-- Request received
params: {}
[2026-09-27T01:25:19.185Z][INFO] project:list-packages <-- Request received
params: {}
[2026-09-27T01:25:19.331Z][INFO] project:list-packages --> 200 (189 ms)
[2026-09-27T01:25:19.590Z][INFO] project:list-packages <-- Request received
params: {}
[2026-09-27T01:25:19.609Z][INFO] project:list-packages --> 200 (424 ms)
[2026-09-27T01:25:19.753Z][INFO] config:project:get-registries <-- Request received
params: {}
[2026-09-27T01:25:19.855Z][INFO] packages:get-all-packageinfo --> 200 (696 ms)
[2026-09-27T01:25:19.867Z][INFO] config:project:get-registries --> 200 (114 ms)
[2026-09-27T01:25:19.947Z][INFO] project:list-packages --> 200 (358 ms)
[2026-09-27T01:25:20.510Z][INFO] packages:get-all-packageinfo <-- Request received
params: {}
[2026-09-27T01:25:20.520Z][INFO] packages:get-all-packageinfo <-- Request received
params: {}
[2026-09-27T01:25:20.531Z][INFO] project:list-packages <-- Request received
params: {}
[2026-09-27T01:25:21.341Z][INFO] packages:get-all-packageinfo --> 200 (821 ms)
[2026-09-27T01:25:21.650Z][INFO] packages:get-all-packageinfo --> 200 (1140 ms)
[2026-09-27T01:25:21.755Z][INFO] project:list-packages --> 200 (1224 ms)
[2026-09-27T01:25:23.549Z][INFO] packages:get-packageinfo <-- Request received
params: {
  "packageId": "com.unity.addressables@2.9.1"
}
[2026-09-27T01:25:23.564Z][INFO] packages:get-packageinfo <-- Request received
params: {
  "packageId": "com.unity.ads.ios-support@1.0.1"
}
[2026-09-27T01:25:23.578Z][INFO] packages:get-packageinfo <-- Request received
params: {
  "packageId": "com.unity.asset-manager-for-unity@1.11.0"
}
[2026-09-27T01:25:23.593Z][INFO] packages:get-packageinfo <-- Request received
params: {
  "packageId": "com.unity.learn.iet-framework@5.0.4"
}
[2026-09-27T01:25:23.606Z][INFO] packages:get-packageinfo <-- Request received
params: {
  "packageId": "com.unity.learn.iet-framework.authoring@1.5.4"
}
[2026-09-27T01:25:23.638Z][INFO] packages:get-packageinfo <-- Request received
params: {
  "packageId": "com.unity.mobile.notifications@2.4.3"
}
[2026-09-27T01:25:23.649Z][INFO] packages:get-packageinfo <-- Request received
params: {
  "packageId": "com.unity.project-auditor-rules@1.0.3"
}
[2026-09-27T01:25:23.667Z][INFO] packages:get-packageinfo <-- Request received
params: {
  "packageId": "com.unity.scriptablebuildpipeline@2.6.2"
}
[2026-09-27T01:25:23.678Z][INFO] packages:get-packageinfo --> 200 (129 ms)
[2026-09-27T01:25:23.683Z][INFO] packages:get-packageinfo <-- Request received
params: {
  "packageId": "com.unity.services.authentication@3.7.4"
}
[2026-09-27T01:25:23.695Z][INFO] packages:get-packageinfo <-- Request received
params: {
  "packageId": "com.unity.services.cloud-build@2.0.8"
}
[2026-09-27T01:25:23.712Z][INFO] packages:get-packageinfo <-- Request received
params: {
  "packageId": "com.unity.services.friends@1.1.1"
}
[2026-09-27T01:25:23.720Z][INFO] packages:get-packageinfo <-- Request received
params: {
  "packageId": "com.unity.services.moderation@1.0.2"
}
[2026-09-27T01:25:23.736Z][INFO] packages:get-packageinfo <-- Request received
params: {
  "packageId": "com.unity.xr.androidxr-openxr@1.3.2"
}
[2026-09-27T01:25:23.751Z][INFO] packages:get-packageinfo <-- Request received
params: {
  "packageId": "com.unity.xr.arcore@6.5.1"
}
[2026-09-27T01:25:23.763Z][INFO] packages:get-packageinfo <-- Request received
params: {
  "packageId": "com.unity.xr.arfoundation@6.5.1"
}
[2026-09-27T01:25:23.775Z][INFO] packages:get-packageinfo <-- Request received
params: {
  "packageId": "com.unity.xr.arkit@6.5.1"
}
[2026-09-27T01:25:23.790Z][INFO] packages:get-packageinfo <-- Request received
params: {
  "packageId": "com.unity.xr.compositionlayers@2.5.0"
}
[2026-09-27T01:25:23.803Z][INFO] packages:get-packageinfo <-- Request received
params: {
  "packageId": "com.unity.xr.hands@1.8.1"
}
[2026-09-27T01:25:23.816Z][INFO] packages:get-packageinfo <-- Request received
params: {
  "packageId": "com.unity.xr.interaction.toolkit@3.5.1"
}
[2026-09-27T01:25:23.835Z][INFO] packages:get-packageinfo <-- Request received
params: {
  "packageId": "com.unity.xr.management@4.5.4"
}
[2026-09-27T01:25:23.851Z][INFO] packages:get-packageinfo <-- Request received
params: {
  "packageId": "com.unity.xr.meta-openxr@2.5.1"
}
[2026-09-27T01:25:23.855Z][INFO] packages:get-packageinfo --> 200 (291 ms)
[2026-09-27T01:25:23.857Z][INFO] packages:get-packageinfo --> 200 (279 ms)
[2026-09-27T01:25:23.895Z][INFO] packages:get-packageinfo <-- Request received
params: {
  "packageId": "com.unity.xr.openxr@1.17.1"
}
[2026-09-27T01:25:23.928Z][INFO] packages:get-packageinfo --> 200 (322 ms)
[2026-09-27T01:25:23.931Z][INFO] packages:get-packageinfo --> 200 (338 ms)
[2026-09-27T01:25:23.975Z][INFO] packages:get-packageinfo --> 200 (292 ms)
[2026-09-27T01:25:23.976Z][INFO] packages:get-packageinfo --> 200 (281 ms)
[2026-09-27T01:25:23.994Z][INFO] packages:get-packageinfo --> 200 (345 ms)
[2026-09-27T01:25:23.998Z][INFO] packages:get-packageinfo --> 200 (331 ms)
[2026-09-27T01:25:24.000Z][INFO] packages:get-packageinfo --> 200 (362 ms)
[2026-09-27T01:25:24.011Z][INFO] packages:get-packageinfo --> 200 (291 ms)
[2026-09-27T01:25:24.016Z][INFO] packages:get-packageinfo --> 200 (304 ms)
[2026-09-27T01:25:24.030Z][INFO] packages:get-packageinfo --> 200 (294 ms)
[2026-09-27T01:25:24.037Z][INFO] packages:get-packageinfo --> 200 (274 ms)
[2026-09-27T01:25:24.044Z][INFO] packages:get-packageinfo --> 200 (269 ms)
[2026-09-27T01:25:24.048Z][INFO] packages:get-packageinfo --> 200 (297 ms)
[2026-09-27T01:25:24.062Z][INFO] packages:get-packageinfo --> 200 (259 ms)
[2026-09-27T01:25:24.063Z][INFO] packages:get-packageinfo --> 200 (273 ms)
[2026-09-27T01:25:24.067Z][INFO] packages:get-packageinfo --> 200 (251 ms)
[2026-09-27T01:25:24.068Z][INFO] packages:get-packageinfo --> 200 (217 ms)
[2026-09-27T01:25:24.071Z][INFO] packages:get-packageinfo --> 200 (236 ms)
[2026-09-27T01:25:24.076Z][INFO] packages:get-packageinfo --> 200 (181 ms)
[2026-09-27T01:25:33.378Z][INFO] project:list-packages <-- Request received
params: {}
[2026-09-27T01:25:33.484Z][INFO] project:list-packages --> 200 (106 ms)
[2026-09-27T01:25:33.562Z][INFO] project:list-packages <-- Request received
params: {}
[2026-09-27T01:25:33.676Z][INFO] project:list-packages --> 200 (114 ms)
[2026-09-27T01:25:33.767Z][INFO] project:list-packages <-- Request received
params: {}
[2026-09-27T01:25:33.892Z][INFO] project:list-packages --> 200 (125 ms)
[2026-09-27T01:26:33.786Z][INFO] project:list-packages <-- Request received
params: {}
[2026-09-27T01:26:33.961Z][INFO] project:list-packages --> 200 (175 ms)
[2026-09-27T01:26:34.163Z][INFO] project:list-packages <-- Request received
params: {}
[2026-09-27T01:26:34.283Z][INFO] project:list-packages --> 200 (120 ms)
[2026-09-27T01:26:34.322Z][INFO] config:project:get-registries <-- Request received
params: {}
[2026-09-27T01:26:34.326Z][INFO] config:project:get-registries --> 200 (4 ms)
[2026-09-27T01:27:29.509Z][INFO] project:list-packages <-- Request received
params: {}
[2026-09-27T01:27:29.664Z][INFO] project:list-packages --> 200 (155 ms)
[2026-09-27T01:27:29.948Z][INFO] project:list-packages <-- Request received
params: {}
[2026-09-27T01:27:30.080Z][INFO] project:list-packages --> 200 (132 ms)
[2026-09-27T01:27:30.131Z][INFO] config:project:get-registries <-- Request received
params: {}
[2026-09-27T01:27:30.134Z][INFO] config:project:get-registries --> 200 (3 ms)
[2026-09-27T01:28:09.475Z][INFO] project:list-packages <-- Request received
params: {}
[2026-09-27T01:28:09.625Z][INFO] project:list-packages --> 200 (150 ms)
[2026-09-27T01:28:09.857Z][INFO] project:list-packages <-- Request received
params: {}
[2026-09-27T01:28:09.987Z][INFO] project:list-packages --> 200 (130 ms)
[2026-09-27T01:28:10.049Z][INFO] config:project:get-registries <-- Request received
params: {}
[2026-09-27T01:28:10.053Z][INFO] config:project:get-registries --> 200 (5 ms)
[2026-09-27T01:32:19.837Z][INFO] project:list-packages <-- Request received
params: {}
[2026-09-27T01:32:20.265Z][INFO] project:list-packages <-- Request received
params: {}
[2026-09-27T01:32:20.440Z][INFO] project:list-packages --> 200 (602 ms)
[2026-09-27T01:32:20.442Z][INFO] config:project:get-registries <-- Request received
params: {}
[2026-09-27T01:32:20.448Z][INFO] config:project:get-registries --> 200 (6 ms)
[2026-09-27T01:32:20.513Z][INFO] project:list-packages --> 200 (248 ms)
[2026-09-27T01:33:33.190Z][INFO] project:list-packages <-- Request received
params: {}
[2026-09-27T01:33:33.373Z][INFO] project:list-packages --> 200 (183 ms)
[2026-09-27T01:33:33.689Z][INFO] project:list-packages <-- Request received
params: {}
[2026-09-27T01:33:33.902Z][INFO] project:list-packages --> 200 (213 ms)
[2026-09-27T01:33:33.902Z][INFO] config:project:get-registries <-- Request received
params: {}
[2026-09-27T01:33:33.910Z][INFO] config:project:get-registries --> 200 (8 ms)
